// Jest Snapshot v1, https://goo.gl/fbAQLP

exports[`Tabs correctly renders afters relaunch 1`] = `
<div
  className="movie-card__desc"
>
  <nav
    className="movie-nav movie-card__nav"
  >
    <ul
      className="movie-nav__list"
    >
      <li
        className="movie-nav__item"
      >
        <a
          className="movie-nav__link"
          href="#"
          onClick={[Function]}
        >
          Overview
        </a>
      </li>
      <li
        className="movie-nav__item movie-nav__item--active"
      >
        <a
          className="movie-nav__link"
          href="#"
          onClick={[Function]}
        >
          Details
        </a>
      </li>
      <li
        className="movie-nav__item"
      >
        <a
          className="movie-nav__link"
          href="#"
          onClick={[Function]}
        >
          Reviews
        </a>
      </li>
    </ul>
  </nav>
  <div
    className="movie-card__text movie-card__row"
  >
    <div
      className="movie-card__text-col"
    >
      <p
        className="movie-card__details-item"
      >
        <strong
          className="movie-card__details-name"
        >
          Director
        </strong>
        <span
          className="movie-card__details-value"
        >
          Martin Scorsese
        </span>
      </p>
      <p
        className="movie-card__details-item"
      >
        <strong
          className="movie-card__details-name"
        >
          Starring
        </strong>
        <span
          className="movie-card__details-value"
          dangerouslySetInnerHTML={
            Object {
              "__html": "Leonardo DiCaprio,<br>Cameron Diaz,<br>Daniel Day-Lewis",
            }
          }
        />
      </p>
    </div>
    <div
      className="movie-card__text-col"
    >
      <p
        className="movie-card__details-item"
      >
        <strong
          className="movie-card__details-name"
        >
          Run Time
        </strong>
        <span
          className="movie-card__details-value"
        >
          2h 47m
        </span>
      </p>
      <p
        className="movie-card__details-item"
      >
        <strong
          className="movie-card__details-name"
        >
          Genre
        </strong>
        <span
          className="movie-card__details-value"
        >
          Crime
        </span>
      </p>
      <p
        className="movie-card__details-item"
      >
        <strong
          className="movie-card__details-name"
        >
          Released
        </strong>
        <span
          className="movie-card__details-value"
        >
          2002
        </span>
      </p>
    </div>
  </div>
</div>
`;
