// Jest Snapshot v1, https://goo.gl/fbAQLP

exports[`FilmCard correctly renders after relaunch 1`] = `
<article
  className="small-movie-card catalog__movies-card"
  onMouseEnter={[Function]}
  onMouseLeave={[Function]}
>
  <div
    className="small-movie-card__image"
  >
    <video
      height="175"
      loop={true}
      muted={true}
      poster="https://htmlacademy-react-2.appspot.com/wtw/static/film/preview/gangs_of_new_york.jpg"
      preload="metadata"
      src="https://upload.wikimedia.org/wikipedia/commons/transcoded/b/b3/Big_Buck_Bunny_Trailer_400p.ogv/Big_Buck_Bunny_Trailer_400p.ogv.360p.webm"
      width="280"
    />
  </div>
  <h3
    className="small-movie-card__title"
  >
    <a
      className="small-movie-card__link"
      href="/films"
    >
      Gangs of new york
    </a>
  </h3>
</article>
`;
