// Jest Snapshot v1, https://goo.gl/fbAQLP

exports[`TabReviews correctly renders afters relaunch 1`] = `
<div
  className="movie-card__reviews movie-card__row"
>
  <div
    className="movie-card__reviews-col"
  >
    <div
      className="review"
    >
      <blockquote
        className="review__quote"
      >
        <p
          className="review__text"
        >
          Poised to be an instant classic, almost everything about this film is phenomenal - the acting, the cinematography, the discography, etc.
        </p>
        <footer
          className="review__details"
        >
          <cite
            className="review__author"
          >
            Mollie
          </cite>
          <time
            className="review__date"
            dateTime="2019-12-05"
          >
            December 05, 2019
          </time>
        </footer>
      </blockquote>
      <div
        className="review__rating"
      >
        1,3
      </div>
    </div>
    <div
      className="review"
    >
      <blockquote
        className="review__quote"
      >
        <p
          className="review__text"
        >
          This movie really touched my heart, it really is the best movie of the year and everyone should see this masterpiece.
        </p>
        <footer
          className="review__details"
        >
          <cite
            className="review__author"
          >
            Isaac
          </cite>
          <time
            className="review__date"
            dateTime="2019-11-30"
          >
            November 30, 2019
          </time>
        </footer>
      </blockquote>
      <div
        className="review__rating"
      >
        2,7
      </div>
    </div>
  </div>
</div>
`;
