// Jest Snapshot v1, https://goo.gl/fbAQLP

exports[`MainPage correctly renders after relaunch 1`] = `
<Fragment>
  <section
    className="movie-card"
  >
    <div
      className="movie-card__bg"
    >
      <img
        alt="Gangs of new york"
        src="https://htmlacademy-react-2.appspot.com/wtw/static/film/background/gangs_of_new_york.jpg"
      />
    </div>
    <h1
      className="visually-hidden"
    >
      WTW
    </h1>
    <Header
      avatar="/wtw/static/avatar/3.jpg"
      isAuth={true}
      name="alter.ego"
    />
    <div
      className="movie-card__wrap"
    >
      <div
        className="movie-card__info"
      >
        <div
          className="movie-card__poster"
        >
          <img
            alt="Gangs of new york"
            height="327"
            src="https://htmlacademy-react-2.appspot.com/wtw/static/film/poster/Gangs_of_New_York_Poster.jpg"
            width="218"
          />
        </div>
        <div
          className="movie-card__desc"
        >
          <h2
            className="movie-card__title"
          >
            Gangs of new york
          </h2>
          <p
            className="movie-card__meta"
          >
            <span
              className="movie-card__genre"
            >
              Crime
            </span>
            <span
              className="movie-card__year"
            >
              2002
            </span>
          </p>
          <div
            className="movie-card__buttons"
          >
            <button
              className="btn btn--play movie-card__button"
              onClick={[Function]}
              type="button"
            >
              <svg
                height="19"
                viewBox="0 0 19 19"
                width="19"
              >
                <use
                  xlinkHref="#play-s"
                />
              </svg>
              <span>
                Play
              </span>
            </button>
            <button
              className="btn btn--list movie-card__button"
              onClick={[Function]}
              type="button"
            >
              <svg
                height="20"
                viewBox="0 0 19 20"
                width="19"
              >
                <use
                  xlinkHref="#add"
                />
              </svg>
              <span>
                My list
              </span>
            </button>
          </div>
        </div>
      </div>
    </div>
  </section>
  <div
    className="page-content"
  >
    <section
      className="catalog"
    >
      <h2
        className="catalog__title visually-hidden"
      >
        Catalog
      </h2>
      <WithFilters
        films={
          Array [
            Object {
              "backgroundColor": "#A6B7AC",
              "backgroundImage": "https://htmlacademy-react-2.appspot.com/wtw/static/film/background/gangs_of_new_york.jpg",
              "description": "In 1862, Amsterdam Vallon returns to the Five Points area of New York City seeking revenge against Bill the Butcher, his father's killer.",
              "director": "Martin Scorsese",
              "genre": "Crime",
              "id": 1,
              "isFavorite": false,
              "name": "Gangs of new york",
              "posterImage": "https://htmlacademy-react-2.appspot.com/wtw/static/film/poster/Gangs_of_New_York_Poster.jpg",
              "previewImage": "https://htmlacademy-react-2.appspot.com/wtw/static/film/preview/gangs_of_new_york.jpg",
              "previewVideoLink": "https://upload.wikimedia.org/wikipedia/commons/transcoded/b/b3/Big_Buck_Bunny_Trailer_400p.ogv/Big_Buck_Bunny_Trailer_400p.ogv.360p.webm",
              "rating": 8.8,
              "released": 2002,
              "runTime": 167,
              "scoresCount": 370881,
              "starring": Array [
                "Leonardo DiCaprio",
                "Cameron Diaz",
                "Daniel Day-Lewis",
              ],
              "videoLink": "http://peach.themazzone.com/durian/movies/sintel-1024-surround.mp4",
            },
            Object {
              "backgroundColor": "#9B7E61",
              "backgroundImage": "https://htmlacademy-react-2.appspot.com/wtw/static/film/background/War_of_the_Worlds.jpg",
              "description": "As Earth is invaded by alien tripod fighting machines, one family fights for survival.",
              "director": "Steven Spielberg",
              "genre": "Adventure",
              "id": 2,
              "isFavorite": false,
              "name": "War of the Worlds",
              "posterImage": "https://htmlacademy-react-2.appspot.com/wtw/static/film/poster/War_of_the_Worlds.jpg",
              "previewImage": "https://htmlacademy-react-2.appspot.com/wtw/static/film/preview/war-of-the-worlds.jpg",
              "previewVideoLink": "https://upload.wikimedia.org/wikipedia/commons/transcoded/b/b3/Big_Buck_Bunny_Trailer_400p.ogv/Big_Buck_Bunny_Trailer_400p.ogv.360p.webm",
              "rating": 9.3,
              "released": 2005,
              "runTime": 116,
              "scoresCount": 386834,
              "starring": Array [
                "Tom Cruise",
                "Dakota Fanning",
                "Tim Robbins",
              ],
              "videoLink": "http://peach.themazzone.com/durian/movies/sintel-1024-surround.mp4",
            },
            Object {
              "backgroundColor": "#F1E9CE",
              "backgroundImage": "https://htmlacademy-react-2.appspot.com/wtw/static/film/background/Macbeth.jpg",
              "description": "Macbeth, the Thane of Glamis, receives a prophecy from a trio of witches that one day he will become King of Scotland. Consumed by ambition and spurred to action by his wife, Macbeth murders his king and takes the throne for himself.",
              "director": "Justin Kurzel",
              "genre": "Drama",
              "id": 3,
              "isFavorite": false,
              "name": "Macbeth",
              "posterImage": "https://htmlacademy-react-2.appspot.com/wtw/static/film/poster/Macbeth.jpg",
              "previewImage": "https://htmlacademy-react-2.appspot.com/wtw/static/film/preview/macbeth.jpg",
              "previewVideoLink": "https://download.blender.org/durian/trailer/sintel_trailer-480p.mp4",
              "rating": 3.3,
              "released": 2015,
              "runTime": 113,
              "scoresCount": 48798,
              "starring": Array [
                "Michael Fassbender",
                "Marion Cotillard",
                "Jack Madigan",
              ],
              "videoLink": "http://peach.themazzone.com/durian/movies/sintel-1024-surround.mp4",
            },
            Object {
              "backgroundColor": "#92918B",
              "backgroundImage": "https://htmlacademy-react-2.appspot.com/wtw/static/film/background/Revenant.jpg",
              "description": "A frontiersman on a fur trading expedition in the 1820s fights for survival after being mauled by a bear and left for dead by members of his own hunting team.",
              "director": "Alejandro G. Iñárritu",
              "genre": "Action",
              "id": 4,
              "isFavorite": false,
              "name": "The Revenant",
              "posterImage": "https://htmlacademy-react-2.appspot.com/wtw/static/film/poster/Revenant.jpg",
              "previewImage": "https://htmlacademy-react-2.appspot.com/wtw/static/film/preview/revenant.jpg",
              "previewVideoLink": "https://upload.wikimedia.org/wikipedia/commons/transcoded/b/b3/Big_Buck_Bunny_Trailer_400p.ogv/Big_Buck_Bunny_Trailer_400p.ogv.360p.webm",
              "rating": 4,
              "released": 2015,
              "runTime": 156,
              "scoresCount": 618498,
              "starring": Array [
                "Leonardo DiCaprio",
                "Tom Hardy",
                "Will Poulter",
              ],
              "videoLink": "http://media.xiph.org/mango/tears_of_steel_1080p.webm",
            },
            Object {
              "backgroundColor": "#F0DBA2",
              "backgroundImage": "https://htmlacademy-react-2.appspot.com/wtw/static/film/background/Johnny_English.jpg",
              "description": "After a sudden attack on the MI5, Johnny English, Britain's most confident yet unintelligent spy, becomes Britain's only spy.",
              "director": "Peter Howitt",
              "genre": "Comedy",
              "id": 5,
              "isFavorite": false,
              "name": "Johnny English",
              "posterImage": "https://htmlacademy-react-2.appspot.com/wtw/static/film/poster/Johnny_English.jpg",
              "previewImage": "https://htmlacademy-react-2.appspot.com/wtw/static/film/preview/johnny-english.jpg",
              "previewVideoLink": "https://upload.wikimedia.org/wikipedia/commons/transcoded/b/b3/Big_Buck_Bunny_Trailer_400p.ogv/Big_Buck_Bunny_Trailer_400p.ogv.360p.webm",
              "rating": 10,
              "released": 2003,
              "runTime": 88,
              "scoresCount": 136843,
              "starring": Array [
                "Rowan Atkinson",
                "John Malkovich",
                "Natalie Imbruglia",
              ],
              "videoLink": "http://media.xiph.org/mango/tears_of_steel_1080p.webm",
            },
          ]
        }
        genres={
          Array [
            "All genres",
            "Crime",
            "Adventure",
            "Comedy",
          ]
        }
      />
    </section>
    <Footer />
  </div>
</Fragment>
`;
