// Jest Snapshot v1, https://goo.gl/fbAQLP

exports[`LoginForm correctly renders afters relaunch 1`] = `
<form
  className="sign-in__form"
  onSubmit={[Function]}
>
  <div
    className="sign-in__fields"
  >
    <div
      className="sign-in__field"
    >
      <input
        className="sign-in__input"
        id="user-email"
        name="email"
        placeholder="Email address"
        required={true}
        type="email"
      />
      <label
        className="sign-in__label visually-hidden"
        htmlFor="user-email"
      >
        Email address
      </label>
    </div>
    <div
      className="sign-in__field"
    >
      <input
        className="sign-in__input"
        id="user-password"
        name="password"
        placeholder="Password"
        required={true}
        type="password"
      />
      <label
        className="sign-in__label visually-hidden"
        htmlFor="user-password"
      >
        Password
      </label>
    </div>
  </div>
  <div
    className="sign-in__submit"
  >
    <button
      className="sign-in__btn"
      type="submit"
    >
      Sign in
    </button>
  </div>
</form>
`;
