// Jest Snapshot v1, https://goo.gl/fbAQLP

exports[`TabOverview correctly renders afters relaunch 1`] = `
Array [
  <div
    className="movie-rating"
  >
    <div
      className="movie-rating__score"
    >
      8,8
    </div>
    <p
      className="movie-rating__meta"
    >
      <span
        className="movie-rating__level"
      >
        very good
      </span>
      <span
        className="movie-rating__count"
      >
        370881
         ratings
      </span>
    </p>
  </div>,
  <div
    className="movie-card__text"
  >
    <p>
      In 1862, Amsterdam Vallon returns to the Five Points area of New York City seeking revenge against Bill the Butcher, his father's killer.
    </p>
    <p
      className="movie-card__director"
    >
      <strong>
        Director: 
        Martin Scorsese
      </strong>
    </p>
    <p
      className="movie-card__starring"
    >
      <strong>
        Starring: 
        Leonardo DiCaprio, Cameron Diaz, Daniel Day-Lewis
      </strong>
    </p>
  </div>,
]
`;
